Starting Leaderboard Test...
[P1] Connected as k751aGfLqx9q3RyeAAAG
[P2] Connected as dN3Uull9kR65JOk4AAAH
[P1] Creating room...
[P1] Room created: MM8HAT
[P1] Game started. Color: w
[P2] Game started. Color: b
--- Playing Fool's Mate ---
[P1] Game Over: Black wins by checkmate!
[P2] Game Over: Black wins by checkmate!

--- Requesting Leaderboard ---

===== LEADERBOARD RESULTS =====
1. Bob_Test | Rating: 1250 | Wins: 2
2. Alice_Test | Rating: 1150 | Wins: 0

Verification:
Γ¥î WINNER RATING FAILED
Γ¥î LOSER RATING FAILED
Γ¥î WIN COUNT FAILED

Test Complete. Exiting...
